--------------------------------------------------------------------------------
Release 13.4 Trace  (lin64)
Copyright (c) 1995-2011 Xilinx, Inc.  All rights reserved.

/usr/local/insa/Xilinx.ISE/13.4/ISE_DS/ISE/bin/lin64/unwrapped/trce -intstyle
ise -v 3 -s 3 -n 3 -fastpaths -xml ALU.twx ALU.ncd -o ALU.twr ALU.pcf

Design file:              ALU.ncd
Physical constraint file: ALU.pcf
Device,package,speed:     xc6slx16,csg324,C,-3 (PRODUCTION 1.21 2012-01-07)
Report level:             verbose report

Environment Variable      Effect 
--------------------      ------ 
NONE                      No environment variables were set
--------------------------------------------------------------------------------

INFO:Timing:2698 - No timing constraints found, doing default enumeration.
INFO:Timing:3412 - To improve timing, see the Timing Closure User Guide (UG612).
INFO:Timing:2752 - To get complete path coverage, use the unconstrained paths 
   option. All paths that are not constrained will be reported in the 
   unconstrained paths section(s) of the report.
INFO:Timing:3339 - The clock-to-out numbers in this timing report are based on 
   a 50 Ohm transmission line loading model.  For the details of this model, 
   and for more information on accounting for different loading conditions, 
   please see the device datasheet.



Data Sheet report:
-----------------
All values displayed in nanoseconds (ns)

Setup/Hold to clock OP<0>
------------+------------+------------+------------+------------+------------------+--------+
            |Max Setup to|  Process   |Max Hold to |  Process   |                  | Clock  |
Source      | clk (edge) |   Corner   | clk (edge) |   Corner   |Internal Clock(s) | Phase  |
------------+------------+------------+------------+------------+------------------+--------+
A<0>        |    0.816(F)|      SLOW  |    0.859(F)|      FAST  |S<10>2_BUFG       |   0.000|
A<1>        |    0.814(F)|      SLOW  |    0.862(F)|      FAST  |S<10>2_BUFG       |   0.000|
A<2>        |    0.750(F)|      SLOW  |    0.925(F)|      FAST  |S<10>2_BUFG       |   0.000|
A<3>        |    0.718(F)|      SLOW  |    0.912(F)|      FAST  |S<10>2_BUFG       |   0.000|
A<4>        |    0.845(F)|      SLOW  |    0.840(F)|      FAST  |S<10>2_BUFG       |   0.000|
A<5>        |    0.763(F)|      SLOW  |    0.901(F)|      FAST  |S<10>2_BUFG       |   0.000|
A<6>        |    0.693(F)|      SLOW  |    0.965(F)|      FAST  |S<10>2_BUFG       |   0.000|
A<7>        |    0.575(F)|      SLOW  |    1.033(F)|      FAST  |S<10>2_BUFG       |   0.000|
A<8>        |    0.368(F)|      SLOW  |    1.197(F)|      SLOW  |S<10>2_BUFG       |   0.000|
A<9>        |    0.520(F)|      SLOW  |    1.078(F)|      FAST  |S<10>2_BUFG       |   0.000|
A<10>       |    0.876(F)|      SLOW  |    0.811(F)|      FAST  |S<10>2_BUFG       |   0.000|
A<11>       |    0.770(F)|      SLOW  |    0.876(F)|      FAST  |S<10>2_BUFG       |   0.000|
A<12>       |    0.497(F)|      SLOW  |    1.076(F)|      SLOW  |S<10>2_BUFG       |   0.000|
A<13>       |    0.316(F)|      SLOW  |    1.246(F)|      SLOW  |S<10>2_BUFG       |   0.000|
A<14>       |    0.749(F)|      SLOW  |    0.911(F)|      FAST  |S<10>2_BUFG       |   0.000|
A<15>       |    0.667(F)|      SLOW  |    0.951(F)|      FAST  |S<10>2_BUFG       |   0.000|
B<0>        |    0.215(F)|      SLOW  |    1.339(F)|      SLOW  |S<10>2_BUFG       |   0.000|
B<1>        |   -0.085(F)|      SLOW  |    1.626(F)|      SLOW  |S<10>2_BUFG       |   0.000|
B<2>        |    0.265(F)|      SLOW  |    1.293(F)|      SLOW  |S<10>2_BUFG       |   0.000|
B<3>        |    0.173(F)|      SLOW  |    1.377(F)|      SLOW  |S<10>2_BUFG       |   0.000|
B<4>        |    0.004(F)|      SLOW  |    1.543(F)|      SLOW  |S<10>2_BUFG       |   0.000|
B<5>        |   -0.011(F)|      SLOW  |    1.556(F)|      SLOW  |S<10>2_BUFG       |   0.000|
B<6>        |    0.605(F)|      SLOW  |    0.961(F)|      SLOW  |S<10>2_BUFG       |   0.000|
B<7>        |    0.295(F)|      SLOW  |    1.258(F)|      SLOW  |S<10>2_BUFG       |   0.000|
B<8>        |    0.589(F)|      SLOW  |    0.984(F)|      SLOW  |S<10>2_BUFG       |   0.000|
B<9>        |    0.238(F)|      SLOW  |    1.315(F)|      SLOW  |S<10>2_BUFG       |   0.000|
B<10>       |    0.531(F)|      SLOW  |    1.035(F)|      SLOW  |S<10>2_BUFG       |   0.000|
B<11>       |    0.582(F)|      SLOW  |    0.982(F)|      SLOW  |S<10>2_BUFG       |   0.000|
B<12>       |    0.688(F)|      SLOW  |    0.886(F)|      SLOW  |S<10>2_BUFG       |   0.000|
B<13>       |    0.275(F)|      SLOW  |    1.280(F)|      SLOW  |S<10>2_BUFG       |   0.000|
B<14>       |    0.829(F)|      SLOW  |    0.750(F)|      SLOW  |S<10>2_BUFG       |   0.000|
B<15>       |    0.575(F)|      SLOW  |    0.989(F)|      SLOW  |S<10>2_BUFG       |   0.000|
------------+------------+------------+------------+------------+------------------+--------+

Setup/Hold to clock OP<1>
------------+------------+------------+------------+------------+------------------+--------+
            |Max Setup to|  Process   |Max Hold to |  Process   |                  | Clock  |
Source      | clk (edge) |   Corner   | clk (edge) |   Corner   |Internal Clock(s) | Phase  |
------------+------------+------------+------------+------------+------------------+--------+
A<0>        |    1.259(F)|      SLOW  |    0.523(F)|      FAST  |S<10>2_BUFG       |   0.000|
A<1>        |    1.257(F)|      SLOW  |    0.526(F)|      FAST  |S<10>2_BUFG       |   0.000|
A<2>        |    1.193(F)|      SLOW  |    0.589(F)|      FAST  |S<10>2_BUFG       |   0.000|
A<3>        |    1.161(F)|      SLOW  |    0.576(F)|      FAST  |S<10>2_BUFG       |   0.000|
A<4>        |    1.288(F)|      SLOW  |    0.504(F)|      FAST  |S<10>2_BUFG       |   0.000|
A<5>        |    1.206(F)|      SLOW  |    0.565(F)|      FAST  |S<10>2_BUFG       |   0.000|
A<6>        |    1.136(F)|      SLOW  |    0.629(F)|      FAST  |S<10>2_BUFG       |   0.000|
A<7>        |    1.018(F)|      SLOW  |    0.697(F)|      FAST  |S<10>2_BUFG       |   0.000|
A<8>        |    0.811(F)|      SLOW  |    0.821(F)|      FAST  |S<10>2_BUFG       |   0.000|
A<9>        |    0.963(F)|      SLOW  |    0.742(F)|      FAST  |S<10>2_BUFG       |   0.000|
A<10>       |    1.319(F)|      SLOW  |    0.475(F)|      FAST  |S<10>2_BUFG       |   0.000|
A<11>       |    1.213(F)|      SLOW  |    0.540(F)|      FAST  |S<10>2_BUFG       |   0.000|
A<12>       |    0.940(F)|      SLOW  |    0.737(F)|      FAST  |S<10>2_BUFG       |   0.000|
A<13>       |    0.759(F)|      SLOW  |    0.854(F)|      FAST  |S<10>2_BUFG       |   0.000|
A<14>       |    1.192(F)|      SLOW  |    0.575(F)|      FAST  |S<10>2_BUFG       |   0.000|
A<15>       |    1.110(F)|      SLOW  |    0.615(F)|      FAST  |S<10>2_BUFG       |   0.000|
B<0>        |    0.658(F)|      SLOW  |    0.870(F)|      SLOW  |S<10>2_BUFG       |   0.000|
B<1>        |    0.358(F)|      SLOW  |    1.157(F)|      SLOW  |S<10>2_BUFG       |   0.000|
B<2>        |    0.708(F)|      SLOW  |    0.824(F)|      SLOW  |S<10>2_BUFG       |   0.000|
B<3>        |    0.616(F)|      SLOW  |    0.908(F)|      SLOW  |S<10>2_BUFG       |   0.000|
B<4>        |    0.447(F)|      SLOW  |    1.074(F)|      SLOW  |S<10>2_BUFG       |   0.000|
B<5>        |    0.432(F)|      SLOW  |    1.087(F)|      SLOW  |S<10>2_BUFG       |   0.000|
B<6>        |    1.048(F)|      SLOW  |    0.492(F)|      SLOW  |S<10>2_BUFG       |   0.000|
B<7>        |    0.738(F)|      SLOW  |    0.789(F)|      SLOW  |S<10>2_BUFG       |   0.000|
B<8>        |    1.032(F)|      SLOW  |    0.539(F)|      FAST  |S<10>2_BUFG       |   0.000|
B<9>        |    0.681(F)|      SLOW  |    0.846(F)|      SLOW  |S<10>2_BUFG       |   0.000|
B<10>       |    0.974(F)|      SLOW  |    0.566(F)|      SLOW  |S<10>2_BUFG       |   0.000|
B<11>       |    1.025(F)|      SLOW  |    0.513(F)|      SLOW  |S<10>2_BUFG       |   0.000|
B<12>       |    1.131(F)|      SLOW  |    0.460(F)|      FAST  |S<10>2_BUFG       |   0.000|
B<13>       |    0.718(F)|      SLOW  |    0.811(F)|      SLOW  |S<10>2_BUFG       |   0.000|
B<14>       |    1.272(F)|      SLOW  |    0.353(F)|      FAST  |S<10>2_BUFG       |   0.000|
B<15>       |    1.018(F)|      SLOW  |    0.520(F)|      SLOW  |S<10>2_BUFG       |   0.000|
------------+------------+------------+------------+------------+------------------+--------+

Setup/Hold to clock OP<2>
------------+------------+------------+------------+------------+------------------+--------+
            |Max Setup to|  Process   |Max Hold to |  Process   |                  | Clock  |
Source      | clk (edge) |   Corner   | clk (edge) |   Corner   |Internal Clock(s) | Phase  |
------------+------------+------------+------------+------------+------------------+--------+
A<0>        |    1.109(F)|      SLOW  |    0.640(F)|      FAST  |S<10>2_BUFG       |   0.000|
A<1>        |    1.107(F)|      SLOW  |    0.643(F)|      FAST  |S<10>2_BUFG       |   0.000|
A<2>        |    1.043(F)|      SLOW  |    0.706(F)|      FAST  |S<10>2_BUFG       |   0.000|
A<3>        |    1.011(F)|      SLOW  |    0.693(F)|      FAST  |S<10>2_BUFG       |   0.000|
A<4>        |    1.138(F)|      SLOW  |    0.621(F)|      FAST  |S<10>2_BUFG       |   0.000|
A<5>        |    1.056(F)|      SLOW  |    0.682(F)|      FAST  |S<10>2_BUFG       |   0.000|
A<6>        |    0.986(F)|      SLOW  |    0.746(F)|      FAST  |S<10>2_BUFG       |   0.000|
A<7>        |    0.868(F)|      SLOW  |    0.814(F)|      FAST  |S<10>2_BUFG       |   0.000|
A<8>        |    0.661(F)|      SLOW  |    0.938(F)|      FAST  |S<10>2_BUFG       |   0.000|
A<9>        |    0.813(F)|      SLOW  |    0.859(F)|      FAST  |S<10>2_BUFG       |   0.000|
A<10>       |    1.169(F)|      SLOW  |    0.592(F)|      FAST  |S<10>2_BUFG       |   0.000|
A<11>       |    1.063(F)|      SLOW  |    0.657(F)|      FAST  |S<10>2_BUFG       |   0.000|
A<12>       |    0.790(F)|      SLOW  |    0.854(F)|      FAST  |S<10>2_BUFG       |   0.000|
A<13>       |    0.609(F)|      SLOW  |    0.971(F)|      FAST  |S<10>2_BUFG       |   0.000|
A<14>       |    1.042(F)|      SLOW  |    0.692(F)|      FAST  |S<10>2_BUFG       |   0.000|
A<15>       |    0.960(F)|      SLOW  |    0.732(F)|      FAST  |S<10>2_BUFG       |   0.000|
B<0>        |    0.508(F)|      SLOW  |    1.028(F)|      SLOW  |S<10>2_BUFG       |   0.000|
B<1>        |    0.208(F)|      SLOW  |    1.315(F)|      SLOW  |S<10>2_BUFG       |   0.000|
B<2>        |    0.558(F)|      SLOW  |    0.982(F)|      SLOW  |S<10>2_BUFG       |   0.000|
B<3>        |    0.466(F)|      SLOW  |    1.066(F)|      SLOW  |S<10>2_BUFG       |   0.000|
B<4>        |    0.297(F)|      SLOW  |    1.232(F)|      SLOW  |S<10>2_BUFG       |   0.000|
B<5>        |    0.282(F)|      SLOW  |    1.245(F)|      SLOW  |S<10>2_BUFG       |   0.000|
B<6>        |    0.898(F)|      SLOW  |    0.650(F)|      SLOW  |S<10>2_BUFG       |   0.000|
B<7>        |    0.588(F)|      SLOW  |    0.947(F)|      SLOW  |S<10>2_BUFG       |   0.000|
B<8>        |    0.882(F)|      SLOW  |    0.673(F)|      SLOW  |S<10>2_BUFG       |   0.000|
B<9>        |    0.531(F)|      SLOW  |    1.004(F)|      SLOW  |S<10>2_BUFG       |   0.000|
B<10>       |    0.824(F)|      SLOW  |    0.724(F)|      SLOW  |S<10>2_BUFG       |   0.000|
B<11>       |    0.875(F)|      SLOW  |    0.671(F)|      SLOW  |S<10>2_BUFG       |   0.000|
B<12>       |    0.981(F)|      SLOW  |    0.577(F)|      FAST  |S<10>2_BUFG       |   0.000|
B<13>       |    0.568(F)|      SLOW  |    0.969(F)|      SLOW  |S<10>2_BUFG       |   0.000|
B<14>       |    1.122(F)|      SLOW  |    0.470(F)|      FAST  |S<10>2_BUFG       |   0.000|
B<15>       |    0.868(F)|      SLOW  |    0.678(F)|      SLOW  |S<10>2_BUFG       |   0.000|
------------+------------+------------+------------+------------+------------------+--------+

Setup/Hold to clock OP<3>
------------+------------+------------+------------+------------+------------------+--------+
            |Max Setup to|  Process   |Max Hold to |  Process   |                  | Clock  |
Source      | clk (edge) |   Corner   | clk (edge) |   Corner   |Internal Clock(s) | Phase  |
------------+------------+------------+------------+------------+------------------+--------+
A<0>        |    1.365(F)|      SLOW  |    0.416(F)|      FAST  |S<10>2_BUFG       |   0.000|
A<1>        |    1.363(F)|      SLOW  |    0.419(F)|      FAST  |S<10>2_BUFG       |   0.000|
A<2>        |    1.299(F)|      SLOW  |    0.482(F)|      FAST  |S<10>2_BUFG       |   0.000|
A<3>        |    1.267(F)|      SLOW  |    0.469(F)|      FAST  |S<10>2_BUFG       |   0.000|
A<4>        |    1.394(F)|      SLOW  |    0.397(F)|      FAST  |S<10>2_BUFG       |   0.000|
A<5>        |    1.312(F)|      SLOW  |    0.458(F)|      FAST  |S<10>2_BUFG       |   0.000|
A<6>        |    1.242(F)|      SLOW  |    0.522(F)|      FAST  |S<10>2_BUFG       |   0.000|
A<7>        |    1.124(F)|      SLOW  |    0.590(F)|      FAST  |S<10>2_BUFG       |   0.000|
A<8>        |    0.917(F)|      SLOW  |    0.714(F)|      FAST  |S<10>2_BUFG       |   0.000|
A<9>        |    1.069(F)|      SLOW  |    0.635(F)|      FAST  |S<10>2_BUFG       |   0.000|
A<10>       |    1.425(F)|      SLOW  |    0.368(F)|      FAST  |S<10>2_BUFG       |   0.000|
A<11>       |    1.319(F)|      SLOW  |    0.433(F)|      FAST  |S<10>2_BUFG       |   0.000|
A<12>       |    1.046(F)|      SLOW  |    0.630(F)|      FAST  |S<10>2_BUFG       |   0.000|
A<13>       |    0.865(F)|      SLOW  |    0.747(F)|      FAST  |S<10>2_BUFG       |   0.000|
A<14>       |    1.298(F)|      SLOW  |    0.468(F)|      FAST  |S<10>2_BUFG       |   0.000|
A<15>       |    1.216(F)|      SLOW  |    0.508(F)|      FAST  |S<10>2_BUFG       |   0.000|
B<0>        |    0.764(F)|      SLOW  |    0.761(F)|      SLOW  |S<10>2_BUFG       |   0.000|
B<1>        |    0.464(F)|      SLOW  |    1.048(F)|      SLOW  |S<10>2_BUFG       |   0.000|
B<2>        |    0.814(F)|      SLOW  |    0.715(F)|      SLOW  |S<10>2_BUFG       |   0.000|
B<3>        |    0.722(F)|      SLOW  |    0.799(F)|      SLOW  |S<10>2_BUFG       |   0.000|
B<4>        |    0.553(F)|      SLOW  |    0.965(F)|      SLOW  |S<10>2_BUFG       |   0.000|
B<5>        |    0.538(F)|      SLOW  |    0.978(F)|      SLOW  |S<10>2_BUFG       |   0.000|
B<6>        |    1.154(F)|      SLOW  |    0.383(F)|      SLOW  |S<10>2_BUFG       |   0.000|
B<7>        |    0.844(F)|      SLOW  |    0.680(F)|      SLOW  |S<10>2_BUFG       |   0.000|
B<8>        |    1.138(F)|      SLOW  |    0.432(F)|      FAST  |S<10>2_BUFG       |   0.000|
B<9>        |    0.787(F)|      SLOW  |    0.737(F)|      SLOW  |S<10>2_BUFG       |   0.000|
B<10>       |    1.080(F)|      SLOW  |    0.457(F)|      SLOW  |S<10>2_BUFG       |   0.000|
B<11>       |    1.131(F)|      SLOW  |    0.404(F)|      SLOW  |S<10>2_BUFG       |   0.000|
B<12>       |    1.237(F)|      SLOW  |    0.353(F)|      FAST  |S<10>2_BUFG       |   0.000|
B<13>       |    0.824(F)|      SLOW  |    0.702(F)|      SLOW  |S<10>2_BUFG       |   0.000|
B<14>       |    1.378(F)|      SLOW  |    0.246(F)|      FAST  |S<10>2_BUFG       |   0.000|
B<15>       |    1.124(F)|      SLOW  |    0.411(F)|      SLOW  |S<10>2_BUFG       |   0.000|
------------+------------+------------+------------+------------+------------------+--------+

Clock OP<0> to Pad
------------+-----------------+------------+-----------------+------------+------------------+--------+
            |Max (slowest) clk|  Process   |Min (fastest) clk|  Process   |                  | Clock  |
Destination |  (edge) to PAD  |   Corner   |  (edge) to PAD  |   Corner   |Internal Clock(s) | Phase  |
------------+-----------------+------------+-----------------+------------+------------------+--------+
O           |        13.744(F)|      SLOW  |         7.339(F)|      FAST  |S<10>2_BUFG       |   0.000|
S<0>        |        12.112(F)|      SLOW  |         6.931(F)|      FAST  |S<10>2_BUFG       |   0.000|
S<1>        |        12.113(F)|      SLOW  |         6.984(F)|      FAST  |S<10>2_BUFG       |   0.000|
S<2>        |        12.220(F)|      SLOW  |         7.081(F)|      FAST  |S<10>2_BUFG       |   0.000|
S<3>        |        13.104(F)|      SLOW  |         7.629(F)|      FAST  |S<10>2_BUFG       |   0.000|
S<4>        |        13.189(F)|      SLOW  |         7.697(F)|      FAST  |S<10>2_BUFG       |   0.000|
S<5>        |        12.843(F)|      SLOW  |         7.381(F)|      FAST  |S<10>2_BUFG       |   0.000|
S<6>        |        13.144(F)|      SLOW  |         7.658(F)|      FAST  |S<10>2_BUFG       |   0.000|
S<7>        |        13.023(F)|      SLOW  |         7.542(F)|      FAST  |S<10>2_BUFG       |   0.000|
S<8>        |        12.838(F)|      SLOW  |         7.468(F)|      FAST  |S<10>2_BUFG       |   0.000|
S<9>        |        13.388(F)|      SLOW  |         7.836(F)|      FAST  |S<10>2_BUFG       |   0.000|
S<10>       |        12.983(F)|      SLOW  |         7.482(F)|      FAST  |S<10>2_BUFG       |   0.000|
S<11>       |        13.191(F)|      SLOW  |         7.633(F)|      FAST  |S<10>2_BUFG       |   0.000|
S<12>       |        13.122(F)|      SLOW  |         7.666(F)|      FAST  |S<10>2_BUFG       |   0.000|
S<13>       |        13.847(F)|      SLOW  |         8.025(F)|      FAST  |S<10>2_BUFG       |   0.000|
S<14>       |        13.743(F)|      SLOW  |         7.983(F)|      FAST  |S<10>2_BUFG       |   0.000|
S<15>       |        13.735(F)|      SLOW  |         8.020(F)|      FAST  |S<10>2_BUFG       |   0.000|
Z           |        15.212(F)|      SLOW  |         7.883(F)|      FAST  |S<10>2_BUFG       |   0.000|
------------+-----------------+------------+-----------------+------------+------------------+--------+

Clock OP<1> to Pad
------------+-----------------+------------+-----------------+------------+------------------+--------+
            |Max (slowest) clk|  Process   |Min (fastest) clk|  Process   |                  | Clock  |
Destination |  (edge) to PAD  |   Corner   |  (edge) to PAD  |   Corner   |Internal Clock(s) | Phase  |
------------+-----------------+------------+-----------------+------------+------------------+--------+
O           |        13.275(F)|      SLOW  |         7.021(F)|      FAST  |S<10>2_BUFG       |   0.000|
S<0>        |        11.643(F)|      SLOW  |         6.613(F)|      FAST  |S<10>2_BUFG       |   0.000|
S<1>        |        11.644(F)|      SLOW  |         6.666(F)|      FAST  |S<10>2_BUFG       |   0.000|
S<2>        |        11.751(F)|      SLOW  |         6.763(F)|      FAST  |S<10>2_BUFG       |   0.000|
S<3>        |        12.635(F)|      SLOW  |         7.311(F)|      FAST  |S<10>2_BUFG       |   0.000|
S<4>        |        12.720(F)|      SLOW  |         7.379(F)|      FAST  |S<10>2_BUFG       |   0.000|
S<5>        |        12.374(F)|      SLOW  |         7.063(F)|      FAST  |S<10>2_BUFG       |   0.000|
S<6>        |        12.675(F)|      SLOW  |         7.340(F)|      FAST  |S<10>2_BUFG       |   0.000|
S<7>        |        12.554(F)|      SLOW  |         7.224(F)|      FAST  |S<10>2_BUFG       |   0.000|
S<8>        |        12.369(F)|      SLOW  |         7.150(F)|      FAST  |S<10>2_BUFG       |   0.000|
S<9>        |        12.919(F)|      SLOW  |         7.518(F)|      FAST  |S<10>2_BUFG       |   0.000|
S<10>       |        12.514(F)|      SLOW  |         7.164(F)|      FAST  |S<10>2_BUFG       |   0.000|
S<11>       |        12.722(F)|      SLOW  |         7.315(F)|      FAST  |S<10>2_BUFG       |   0.000|
S<12>       |        12.653(F)|      SLOW  |         7.348(F)|      FAST  |S<10>2_BUFG       |   0.000|
S<13>       |        13.378(F)|      SLOW  |         7.707(F)|      FAST  |S<10>2_BUFG       |   0.000|
S<14>       |        13.274(F)|      SLOW  |         7.665(F)|      FAST  |S<10>2_BUFG       |   0.000|
S<15>       |        13.266(F)|      SLOW  |         7.702(F)|      FAST  |S<10>2_BUFG       |   0.000|
Z           |        14.743(F)|      SLOW  |         7.565(F)|      FAST  |S<10>2_BUFG       |   0.000|
------------+-----------------+------------+-----------------+------------+------------------+--------+

Clock OP<2> to Pad
------------+-----------------+------------+-----------------+------------+------------------+--------+
            |Max (slowest) clk|  Process   |Min (fastest) clk|  Process   |                  | Clock  |
Destination |  (edge) to PAD  |   Corner   |  (edge) to PAD  |   Corner   |Internal Clock(s) | Phase  |
------------+-----------------+------------+-----------------+------------+------------------+--------+
O           |        13.433(F)|      SLOW  |         7.133(F)|      FAST  |S<10>2_BUFG       |   0.000|
S<0>        |        11.801(F)|      SLOW  |         6.725(F)|      FAST  |S<10>2_BUFG       |   0.000|
S<1>        |        11.802(F)|      SLOW  |         6.778(F)|      FAST  |S<10>2_BUFG       |   0.000|
S<2>        |        11.909(F)|      SLOW  |         6.875(F)|      FAST  |S<10>2_BUFG       |   0.000|
S<3>        |        12.793(F)|      SLOW  |         7.423(F)|      FAST  |S<10>2_BUFG       |   0.000|
S<4>        |        12.878(F)|      SLOW  |         7.491(F)|      FAST  |S<10>2_BUFG       |   0.000|
S<5>        |        12.532(F)|      SLOW  |         7.175(F)|      FAST  |S<10>2_BUFG       |   0.000|
S<6>        |        12.833(F)|      SLOW  |         7.452(F)|      FAST  |S<10>2_BUFG       |   0.000|
S<7>        |        12.712(F)|      SLOW  |         7.336(F)|      FAST  |S<10>2_BUFG       |   0.000|
S<8>        |        12.527(F)|      SLOW  |         7.262(F)|      FAST  |S<10>2_BUFG       |   0.000|
S<9>        |        13.077(F)|      SLOW  |         7.630(F)|      FAST  |S<10>2_BUFG       |   0.000|
S<10>       |        12.672(F)|      SLOW  |         7.276(F)|      FAST  |S<10>2_BUFG       |   0.000|
S<11>       |        12.880(F)|      SLOW  |         7.427(F)|      FAST  |S<10>2_BUFG       |   0.000|
S<12>       |        12.811(F)|      SLOW  |         7.460(F)|      FAST  |S<10>2_BUFG       |   0.000|
S<13>       |        13.536(F)|      SLOW  |         7.819(F)|      FAST  |S<10>2_BUFG       |   0.000|
S<14>       |        13.432(F)|      SLOW  |         7.777(F)|      FAST  |S<10>2_BUFG       |   0.000|
S<15>       |        13.424(F)|      SLOW  |         7.814(F)|      FAST  |S<10>2_BUFG       |   0.000|
Z           |        14.901(F)|      SLOW  |         7.677(F)|      FAST  |S<10>2_BUFG       |   0.000|
------------+-----------------+------------+-----------------+------------+------------------+--------+

Clock OP<3> to Pad
------------+-----------------+------------+-----------------+------------+------------------+--------+
            |Max (slowest) clk|  Process   |Min (fastest) clk|  Process   |                  | Clock  |
Destination |  (edge) to PAD  |   Corner   |  (edge) to PAD  |   Corner   |Internal Clock(s) | Phase  |
------------+-----------------+------------+-----------------+------------+------------------+--------+
O           |        13.166(F)|      SLOW  |         6.918(F)|      FAST  |S<10>2_BUFG       |   0.000|
S<0>        |        11.534(F)|      SLOW  |         6.510(F)|      FAST  |S<10>2_BUFG       |   0.000|
S<1>        |        11.535(F)|      SLOW  |         6.563(F)|      FAST  |S<10>2_BUFG       |   0.000|
S<2>        |        11.642(F)|      SLOW  |         6.660(F)|      FAST  |S<10>2_BUFG       |   0.000|
S<3>        |        12.526(F)|      SLOW  |         7.208(F)|      FAST  |S<10>2_BUFG       |   0.000|
S<4>        |        12.611(F)|      SLOW  |         7.276(F)|      FAST  |S<10>2_BUFG       |   0.000|
S<5>        |        12.265(F)|      SLOW  |         6.960(F)|      FAST  |S<10>2_BUFG       |   0.000|
S<6>        |        12.566(F)|      SLOW  |         7.237(F)|      FAST  |S<10>2_BUFG       |   0.000|
S<7>        |        12.445(F)|      SLOW  |         7.121(F)|      FAST  |S<10>2_BUFG       |   0.000|
S<8>        |        12.260(F)|      SLOW  |         7.047(F)|      FAST  |S<10>2_BUFG       |   0.000|
S<9>        |        12.810(F)|      SLOW  |         7.415(F)|      FAST  |S<10>2_BUFG       |   0.000|
S<10>       |        12.405(F)|      SLOW  |         7.061(F)|      FAST  |S<10>2_BUFG       |   0.000|
S<11>       |        12.613(F)|      SLOW  |         7.212(F)|      FAST  |S<10>2_BUFG       |   0.000|
S<12>       |        12.544(F)|      SLOW  |         7.245(F)|      FAST  |S<10>2_BUFG       |   0.000|
S<13>       |        13.269(F)|      SLOW  |         7.604(F)|      FAST  |S<10>2_BUFG       |   0.000|
S<14>       |        13.165(F)|      SLOW  |         7.562(F)|      FAST  |S<10>2_BUFG       |   0.000|
S<15>       |        13.157(F)|      SLOW  |         7.599(F)|      FAST  |S<10>2_BUFG       |   0.000|
Z           |        14.634(F)|      SLOW  |         7.462(F)|      FAST  |S<10>2_BUFG       |   0.000|
------------+-----------------+------------+-----------------+------------+------------------+--------+

Pad to Pad
---------------+---------------+---------+
Source Pad     |Destination Pad|  Delay  |
---------------+---------------+---------+
A<0>           |C              |    9.128|
A<0>           |N              |    9.703|
A<0>           |O              |    9.659|
A<0>           |S<0>           |    8.685|
A<0>           |S<1>           |    8.779|
A<0>           |S<2>           |    8.824|
A<0>           |S<3>           |    9.173|
A<0>           |S<4>           |    9.359|
A<0>           |S<5>           |   10.012|
A<0>           |S<6>           |    9.304|
A<0>           |S<7>           |    9.449|
A<0>           |S<8>           |    9.824|
A<0>           |S<9>           |   10.242|
A<0>           |S<10>          |    9.691|
A<0>           |S<11>          |    9.924|
A<0>           |S<12>          |    9.911|
A<0>           |S<13>          |    9.648|
A<0>           |S<14>          |    9.781|
A<0>           |S<15>          |   11.267|
A<0>           |Z              |   11.293|
A<1>           |C              |    8.981|
A<1>           |N              |    9.556|
A<1>           |O              |    9.512|
A<1>           |S<1>           |    8.588|
A<1>           |S<2>           |    8.773|
A<1>           |S<3>           |    9.033|
A<1>           |S<4>           |    9.212|
A<1>           |S<5>           |    9.865|
A<1>           |S<6>           |    9.157|
A<1>           |S<7>           |    9.410|
A<1>           |S<8>           |    9.677|
A<1>           |S<9>           |   10.095|
A<1>           |S<10>          |    9.652|
A<1>           |S<11>          |    9.842|
A<1>           |S<12>          |    9.764|
A<1>           |S<13>          |    9.609|
A<1>           |S<14>          |    9.742|
A<1>           |S<15>          |   11.120|
A<1>           |Z              |   11.146|
A<2>           |C              |    9.008|
A<2>           |N              |    9.583|
A<2>           |O              |    9.539|
A<2>           |S<2>           |    8.698|
A<2>           |S<3>           |    9.014|
A<2>           |S<4>           |    9.239|
A<2>           |S<5>           |    9.892|
A<2>           |S<6>           |    9.184|
A<2>           |S<7>           |    9.345|
A<2>           |S<8>           |    9.704|
A<2>           |S<9>           |   10.122|
A<2>           |S<10>          |    9.587|
A<2>           |S<11>          |    9.804|
A<2>           |S<12>          |    9.791|
A<2>           |S<13>          |    9.544|
A<2>           |S<14>          |    9.677|
A<2>           |S<15>          |   11.147|
A<2>           |Z              |   11.173|
A<3>           |C              |    8.480|
A<3>           |N              |    9.055|
A<3>           |O              |    9.043|
A<3>           |S<3>           |    8.484|
A<3>           |S<4>           |    8.711|
A<3>           |S<5>           |    9.364|
A<3>           |S<6>           |    8.671|
A<3>           |S<7>           |    9.024|
A<3>           |S<8>           |    9.176|
A<3>           |S<9>           |    9.594|
A<3>           |S<10>          |    9.266|
A<3>           |S<11>          |    9.456|
A<3>           |S<12>          |    9.377|
A<3>           |S<13>          |    9.223|
A<3>           |S<14>          |    9.356|
A<3>           |S<15>          |   10.619|
A<3>           |Z              |   10.645|
A<4>           |C              |    9.284|
A<4>           |N              |    9.859|
A<4>           |O              |    9.815|
A<4>           |S<4>           |    9.396|
A<4>           |S<5>           |   10.021|
A<4>           |S<6>           |    9.402|
A<4>           |S<7>           |    9.684|
A<4>           |S<8>           |    9.980|
A<4>           |S<9>           |   10.398|
A<4>           |S<10>          |    9.965|
A<4>           |S<11>          |   10.155|
A<4>           |S<12>          |   10.076|
A<4>           |S<13>          |    9.922|
A<4>           |S<14>          |   10.055|
A<4>           |S<15>          |   11.423|
A<4>           |Z              |   11.427|
A<5>           |C              |    8.859|
A<5>           |N              |    9.434|
A<5>           |O              |    9.418|
A<5>           |S<5>           |    9.552|
A<5>           |S<6>           |    9.007|
A<5>           |S<7>           |    9.364|
A<5>           |S<8>           |    9.555|
A<5>           |S<9>           |    9.973|
A<5>           |S<10>          |    9.641|
A<5>           |S<11>          |    9.831|
A<5>           |S<12>          |    9.752|
A<5>           |S<13>          |    9.598|
A<5>           |S<14>          |    9.731|
A<5>           |S<15>          |   10.998|
A<5>           |Z              |   11.002|
A<6>           |C              |    8.609|
A<6>           |N              |    9.184|
A<6>           |O              |    9.140|
A<6>           |S<6>           |    8.686|
A<6>           |S<7>           |    8.840|
A<6>           |S<8>           |    9.305|
A<6>           |S<9>           |    9.723|
A<6>           |S<10>          |    9.150|
A<6>           |S<11>          |    9.405|
A<6>           |S<12>          |    9.392|
A<6>           |S<13>          |    9.121|
A<6>           |S<14>          |    9.240|
A<6>           |S<15>          |   10.748|
A<6>           |Z              |   10.752|
A<7>           |C              |    8.653|
A<7>           |N              |    9.228|
A<7>           |O              |    9.357|
A<7>           |S<7>           |    9.244|
A<7>           |S<8>           |    9.349|
A<7>           |S<9>           |    9.767|
A<7>           |S<10>          |    9.580|
A<7>           |S<11>          |    9.770|
A<7>           |S<12>          |    9.691|
A<7>           |S<13>          |    9.537|
A<7>           |S<14>          |    9.670|
A<7>           |S<15>          |   10.792|
A<7>           |Z              |   10.796|
A<8>           |C              |    8.727|
A<8>           |N              |    9.302|
A<8>           |O              |    9.258|
A<8>           |S<8>           |    9.304|
A<8>           |S<9>           |    9.694|
A<8>           |S<10>          |    9.321|
A<8>           |S<11>          |    9.499|
A<8>           |S<12>          |    9.510|
A<8>           |S<13>          |    9.305|
A<8>           |S<14>          |    9.438|
A<8>           |S<15>          |   10.866|
A<8>           |Z              |   10.838|
A<9>           |C              |    8.495|
A<9>           |N              |    9.070|
A<9>           |O              |    9.026|
A<9>           |S<9>           |    9.418|
A<9>           |S<10>          |    9.101|
A<9>           |S<11>          |    9.295|
A<9>           |S<12>          |    9.278|
A<9>           |S<13>          |    9.097|
A<9>           |S<14>          |    9.230|
A<9>           |S<15>          |   10.634|
A<9>           |Z              |   10.606|
A<10>          |C              |    8.488|
A<10>          |N              |    9.063|
A<10>          |O              |    9.019|
A<10>          |S<10>          |    9.045|
A<10>          |S<11>          |    9.216|
A<10>          |S<12>          |    9.271|
A<10>          |S<13>          |    9.051|
A<10>          |S<14>          |    9.184|
A<10>          |S<15>          |   10.627|
A<10>          |Z              |   10.599|
A<11>          |C              |    8.657|
A<11>          |N              |    9.232|
A<11>          |O              |    9.188|
A<11>          |S<11>          |    9.371|
A<11>          |S<12>          |    9.440|
A<11>          |S<13>          |    9.169|
A<11>          |S<14>          |    9.273|
A<11>          |S<15>          |   10.796|
A<11>          |Z              |   10.768|
A<12>          |C              |    8.829|
A<12>          |N              |    9.363|
A<12>          |O              |    9.319|
A<12>          |S<12>          |    9.493|
A<12>          |S<13>          |    9.194|
A<12>          |S<14>          |    9.387|
A<12>          |S<15>          |   10.927|
A<12>          |Z              |   10.940|
A<13>          |C              |    8.185|
A<13>          |N              |    8.717|
A<13>          |O              |    8.871|
A<13>          |S<13>          |    8.866|
A<13>          |S<14>          |    9.180|
A<13>          |S<15>          |   10.281|
A<13>          |Z              |   10.296|
A<14>          |C              |    8.967|
A<14>          |N              |    9.462|
A<14>          |O              |    9.418|
A<14>          |S<14>          |    9.505|
A<14>          |S<15>          |   11.026|
A<14>          |Z              |   11.078|
A<15>          |C              |    8.510|
A<15>          |N              |    9.003|
A<15>          |O              |    9.059|
A<15>          |S<15>          |   10.567|
A<15>          |Z              |   10.621|
B<0>           |C              |    8.279|
B<0>           |N              |    8.854|
B<0>           |O              |    8.810|
B<0>           |S<0>           |    7.836|
B<0>           |S<1>           |    7.930|
B<0>           |S<2>           |    7.972|
B<0>           |S<3>           |    8.324|
B<0>           |S<4>           |    8.510|
B<0>           |S<5>           |    9.163|
B<0>           |S<6>           |    8.455|
B<0>           |S<7>           |    8.552|
B<0>           |S<8>           |    8.975|
B<0>           |S<9>           |    9.393|
B<0>           |S<10>          |    8.757|
B<0>           |S<11>          |    9.075|
B<0>           |S<12>          |    9.062|
B<0>           |S<13>          |    8.791|
B<0>           |S<14>          |    8.895|
B<0>           |S<15>          |   10.418|
B<0>           |Z              |   10.444|
B<1>           |C              |    8.233|
B<1>           |N              |    8.808|
B<1>           |O              |    8.764|
B<1>           |S<1>           |    7.840|
B<1>           |S<2>           |    8.080|
B<1>           |S<3>           |    8.285|
B<1>           |S<4>           |    8.464|
B<1>           |S<5>           |    9.117|
B<1>           |S<6>           |    8.409|
B<1>           |S<7>           |    8.717|
B<1>           |S<8>           |    8.929|
B<1>           |S<9>           |    9.347|
B<1>           |S<10>          |    8.959|
B<1>           |S<11>          |    9.149|
B<1>           |S<12>          |    9.070|
B<1>           |S<13>          |    8.916|
B<1>           |S<14>          |    9.049|
B<1>           |S<15>          |   10.372|
B<1>           |Z              |   10.398|
B<2>           |C              |    8.229|
B<2>           |N              |    8.804|
B<2>           |O              |    8.760|
B<2>           |S<2>           |    8.040|
B<2>           |S<3>           |    8.235|
B<2>           |S<4>           |    8.460|
B<2>           |S<5>           |    9.113|
B<2>           |S<6>           |    8.405|
B<2>           |S<7>           |    8.687|
B<2>           |S<8>           |    8.925|
B<2>           |S<9>           |    9.343|
B<2>           |S<10>          |    8.929|
B<2>           |S<11>          |    9.119|
B<2>           |S<12>          |    9.040|
B<2>           |S<13>          |    8.886|
B<2>           |S<14>          |    9.019|
B<2>           |S<15>          |   10.368|
B<2>           |Z              |   10.394|
B<3>           |C              |    8.341|
B<3>           |N              |    8.916|
B<3>           |O              |    8.872|
B<3>           |S<3>           |    8.345|
B<3>           |S<4>           |    8.572|
B<3>           |S<5>           |    9.225|
B<3>           |S<6>           |    8.517|
B<3>           |S<7>           |    8.800|
B<3>           |S<8>           |    9.037|
B<3>           |S<9>           |    9.455|
B<3>           |S<10>          |    9.042|
B<3>           |S<11>          |    9.232|
B<3>           |S<12>          |    9.153|
B<3>           |S<13>          |    8.999|
B<3>           |S<14>          |    9.132|
B<3>           |S<15>          |   10.480|
B<3>           |Z              |   10.506|
B<4>           |C              |    8.113|
B<4>           |N              |    8.688|
B<4>           |O              |    8.820|
B<4>           |S<4>           |    8.225|
B<4>           |S<5>           |    8.850|
B<4>           |S<6>           |    8.421|
B<4>           |S<7>           |    8.762|
B<4>           |S<8>           |    8.809|
B<4>           |S<9>           |    9.227|
B<4>           |S<10>          |    9.043|
B<4>           |S<11>          |    9.233|
B<4>           |S<12>          |    9.154|
B<4>           |S<13>          |    9.000|
B<4>           |S<14>          |    9.133|
B<4>           |S<15>          |   10.252|
B<4>           |Z              |   10.256|
B<5>           |C              |    7.925|
B<5>           |N              |    8.500|
B<5>           |O              |    8.868|
B<5>           |S<5>           |    8.618|
B<5>           |S<6>           |    8.457|
B<5>           |S<7>           |    8.814|
B<5>           |S<8>           |    8.645|
B<5>           |S<9>           |    9.039|
B<5>           |S<10>          |    9.091|
B<5>           |S<11>          |    9.281|
B<5>           |S<12>          |    9.202|
B<5>           |S<13>          |    9.048|
B<5>           |S<14>          |    9.181|
B<5>           |S<15>          |   10.064|
B<5>           |Z              |   10.068|
B<6>           |C              |    8.658|
B<6>           |N              |    9.233|
B<6>           |O              |    9.189|
B<6>           |S<6>           |    8.735|
B<6>           |S<7>           |    8.876|
B<6>           |S<8>           |    9.354|
B<6>           |S<9>           |    9.772|
B<6>           |S<10>          |    9.186|
B<6>           |S<11>          |    9.454|
B<6>           |S<12>          |    9.441|
B<6>           |S<13>          |    9.170|
B<6>           |S<14>          |    9.276|
B<6>           |S<15>          |   10.797|
B<6>           |Z              |   10.801|
B<7>           |C              |    8.767|
B<7>           |N              |    9.342|
B<7>           |O              |    9.298|
B<7>           |S<7>           |    9.048|
B<7>           |S<8>           |    9.463|
B<7>           |S<9>           |    9.881|
B<7>           |S<10>          |    9.384|
B<7>           |S<11>          |    9.574|
B<7>           |S<12>          |    9.550|
B<7>           |S<13>          |    9.341|
B<7>           |S<14>          |    9.474|
B<7>           |S<15>          |   10.906|
B<7>           |Z              |   10.910|
B<8>           |C              |    8.380|
B<8>           |N              |    8.955|
B<8>           |O              |    9.239|
B<8>           |S<8>           |    8.957|
B<8>           |S<9>           |    9.347|
B<8>           |S<10>          |    9.435|
B<8>           |S<11>          |    9.613|
B<8>           |S<12>          |    9.573|
B<8>           |S<13>          |    9.419|
B<8>           |S<14>          |    9.552|
B<8>           |S<15>          |   10.519|
B<8>           |Z              |   10.491|
B<9>           |C              |    8.098|
B<9>           |N              |    8.673|
B<9>           |O              |    9.008|
B<9>           |S<9>           |    9.021|
B<9>           |S<10>          |    9.192|
B<9>           |S<11>          |    9.386|
B<9>           |S<12>          |    9.342|
B<9>           |S<13>          |    9.188|
B<9>           |S<14>          |    9.321|
B<9>           |S<15>          |   10.237|
B<9>           |Z              |   10.209|
B<10>          |C              |    8.606|
B<10>          |N              |    9.181|
B<10>          |O              |    9.631|
B<10>          |S<10>          |    9.805|
B<10>          |S<11>          |    9.976|
B<10>          |S<12>          |    9.965|
B<10>          |S<13>          |    9.811|
B<10>          |S<14>          |    9.944|
B<10>          |S<15>          |   10.745|
B<10>          |Z              |   10.782|
B<11>          |C              |    8.376|
B<11>          |N              |    8.951|
B<11>          |O              |    9.083|
B<11>          |S<11>          |    9.402|
B<11>          |S<12>          |    9.417|
B<11>          |S<13>          |    9.263|
B<11>          |S<14>          |    9.396|
B<11>          |S<15>          |   10.515|
B<11>          |Z              |   10.487|
B<12>          |C              |    8.565|
B<12>          |N              |    9.099|
B<12>          |O              |    9.055|
B<12>          |S<12>          |    9.229|
B<12>          |S<13>          |    8.942|
B<12>          |S<14>          |    9.204|
B<12>          |S<15>          |   10.663|
B<12>          |Z              |   10.676|
B<13>          |C              |    8.709|
B<13>          |N              |    9.250|
B<13>          |O              |    9.206|
B<13>          |S<13>          |    9.119|
B<13>          |S<14>          |    9.433|
B<13>          |S<15>          |   10.814|
B<13>          |Z              |   10.820|
B<14>          |C              |    8.740|
B<14>          |N              |    9.235|
B<14>          |O              |    9.191|
B<14>          |S<14>          |    9.398|
B<14>          |S<15>          |   10.799|
B<14>          |Z              |   10.851|
B<15>          |C              |    8.305|
B<15>          |N              |    8.798|
B<15>          |O              |    9.116|
B<15>          |S<15>          |   10.362|
B<15>          |Z              |   10.416|
OP<0>          |C              |    6.700|
OP<0>          |N              |    6.845|
OP<0>          |O              |    7.259|
OP<0>          |S<0>           |    9.111|
OP<0>          |S<1>           |    8.510|
OP<0>          |S<2>           |    7.954|
OP<0>          |S<3>           |    8.434|
OP<0>          |S<4>           |    8.991|
OP<0>          |S<5>           |    8.953|
OP<0>          |S<6>           |    8.868|
OP<0>          |S<7>           |    9.179|
OP<0>          |S<8>           |    9.282|
OP<0>          |S<9>           |    9.334|
OP<0>          |S<10>          |    8.893|
OP<0>          |S<11>          |    9.241|
OP<0>          |S<12>          |    8.214|
OP<0>          |S<13>          |    9.929|
OP<0>          |S<14>          |    9.570|
OP<0>          |S<15>          |    8.409|
OP<1>          |C              |    7.245|
OP<1>          |N              |    6.950|
OP<1>          |O              |    7.959|
OP<1>          |S<0>           |    8.642|
OP<1>          |S<1>           |    8.710|
OP<1>          |S<2>           |    7.781|
OP<1>          |S<3>           |    8.488|
OP<1>          |S<4>           |    9.252|
OP<1>          |S<5>           |    8.941|
OP<1>          |S<6>           |    9.100|
OP<1>          |S<7>           |    9.329|
OP<1>          |S<8>           |    9.321|
OP<1>          |S<9>           |    9.774|
OP<1>          |S<10>          |    9.627|
OP<1>          |S<11>          |    9.406|
OP<1>          |S<12>          |    9.063|
OP<1>          |S<13>          |    9.460|
OP<1>          |S<14>          |    9.764|
OP<1>          |S<15>          |    8.514|
OP<2>          |C              |    6.568|
OP<2>          |N              |    7.003|
OP<2>          |O              |    6.469|
OP<2>          |S<0>           |    8.800|
OP<2>          |S<1>           |    8.199|
OP<2>          |S<2>           |    7.643|
OP<2>          |S<3>           |    8.123|
OP<2>          |S<4>           |    8.680|
OP<2>          |S<5>           |    8.642|
OP<2>          |S<6>           |    8.557|
OP<2>          |S<7>           |    8.868|
OP<2>          |S<8>           |    8.971|
OP<2>          |S<9>           |    9.097|
OP<2>          |S<10>          |    8.950|
OP<2>          |S<11>          |    8.930|
OP<2>          |S<12>          |    8.386|
OP<2>          |S<13>          |    9.618|
OP<2>          |S<14>          |    9.259|
OP<2>          |S<15>          |    8.567|
OP<3>          |C              |    6.870|
OP<3>          |N              |    7.077|
OP<3>          |O              |    6.556|
OP<3>          |S<0>           |    8.533|
OP<3>          |S<1>           |    8.335|
OP<3>          |S<2>           |    7.406|
OP<3>          |S<3>           |    8.113|
OP<3>          |S<4>           |    8.877|
OP<3>          |S<5>           |    8.566|
OP<3>          |S<6>           |    8.725|
OP<3>          |S<7>           |    8.954|
OP<3>          |S<8>           |    8.946|
OP<3>          |S<9>           |    9.399|
OP<3>          |S<10>          |    9.252|
OP<3>          |S<11>          |    9.031|
OP<3>          |S<12>          |    8.688|
OP<3>          |S<13>          |    9.351|
OP<3>          |S<14>          |    9.389|
OP<3>          |S<15>          |    8.641|
---------------+---------------+---------+


Analysis completed Fri May 10 10:59:19 2019 
--------------------------------------------------------------------------------

Trace Settings:
-------------------------
Trace Settings 

Peak Memory Usage: 389 MB



